 Volume in drive C is Windows
 Volume Serial Number is 9A23-871C

 Directory of C:\Users\lonni\source\repos\MinistryTracker

08/14/2025  08:45 PM               508 App.xaml.cs
09/08/2025  07:36 AM             3,352 MauiProgram.cs

 Directory of C:\Users\lonni\source\repos\MinistryTracker

09/20/2025  05:31 AM             1,082 App.xaml
               3 File(s)          4,942 bytes

 Directory of C:\Users\lonni\source\repos\MinistryTracker\bin\Debug\net9.0-windows10.0.19041.0\win10-x64

09/20/2025  07:58 AM    <DIR>          Microsoft.UI.Xaml
               0 File(s)              0 bytes

 Directory of C:\Users\lonni\source\repos\MinistryTracker\Data

09/08/2025  02:22 PM             5,182 DataService.cs
09/08/2025  03:16 PM             8,079 DataService.Diagnostics.cs
09/09/2025  03:39 PM             5,930 DataService.Seeding.cs
09/06/2025  09:15 PM             3,287 DataService.Students.cs
09/08/2025  03:16 PM             9,397 DataService.Visits.cs
08/17/2025  04:51 PM             1,227 DataService.VisitsCrud.cs
               6 File(s)         33,102 bytes

 Directory of C:\Users\lonni\source\repos\MinistryTracker\Models

09/20/2025  06:17 AM               420 Daycell.cs
08/14/2025  09:51 PM               798 Household.cs
08/12/2025  10:41 AM               345 InitialCallTypeValues.cs
09/09/2025  01:25 PM             2,852 Student.cs
08/17/2025  04:38 PM             2,713 Visit.cs
               5 File(s)          7,128 bytes

 Directory of C:\Users\lonni\source\repos\MinistryTracker\Models\DTOs

08/17/2025  04:48 PM             1,457 VisitWithStudent.cs
               1 File(s)          1,457 bytes

 Directory of C:\Users\lonni\source\repos\MinistryTracker\Models\Enums

08/01/2025  08:26 PM               172 ContactMethod.cs
08/01/2025  08:26 PM               115 Gender.cs
10/10/2025  03:28 PM               192 InitialCallType.cs
08/02/2025  02:29 PM               500 InitialCallTypeValues.cs
08/01/2025  08:26 PM               131 InterestLevel.cs
09/11/2025  07:31 AM               375 StudentStatus.cs
08/01/2025  08:26 PM               144 StudyLocationType.cs
08/15/2025  08:39 AM               282 VisitStatus.cs
08/15/2025  08:14 AM               668 VisitType.cs
               9 File(s)          2,579 bytes

 Directory of C:\Users\lonni\source\repos\MinistryTracker\obj\Debug\net9.0-android

10/10/2025  03:30 PM               198 .NETCoreApp,Version=v9.0.AssemblyAttributes.cs
10/10/2025  03:30 PM             1,218 MinistryTracker.AssemblyInfo.cs
09/20/2025  07:58 AM             1,230 MinistryTracker.GlobalUsings.g.cs
10/10/2025  03:30 PM               636 __Microsoft.Android.Resource.Designer.cs
               4 File(s)          3,282 bytes

 Directory of C:\Users\lonni\source\repos\MinistryTracker\obj\Debug\net9.0-android\android-arm64

10/04/2025  08:14 AM             1,230 MinistryTracker.GlobalUsings.g.cs
               1 File(s)          1,230 bytes

 Directory of C:\Users\lonni\source\repos\MinistryTracker\obj\Debug\net9.0-android\android-x64

09/20/2025  07:58 AM             1,230 MinistryTracker.GlobalUsings.g.cs
               1 File(s)          1,230 bytes

 Directory of C:\Users\lonni\source\repos\MinistryTracker\obj\Debug\net9.0-ios\iossimulator-x64

09/20/2025  07:58 AM               198 .NETCoreApp,Version=v9.0.AssemblyAttributes.cs
10/10/2025  03:30 PM             1,210 MinistryTracker.AssemblyInfo.cs
09/20/2025  07:58 AM             1,230 MinistryTracker.GlobalUsings.g.cs
09/20/2025  07:58 AM               132 MinistryTracker.nfloat.g.cs
               4 File(s)          2,770 bytes

 Directory of C:\Users\lonni\source\repos\MinistryTracker\obj\Debug\net9.0-maccatalyst\maccatalyst-x64

09/20/2025  07:58 AM               198 .NETCoreApp,Version=v9.0.AssemblyAttributes.cs
10/10/2025  03:30 PM             1,226 MinistryTracker.AssemblyInfo.cs
09/20/2025  07:58 AM             1,230 MinistryTracker.GlobalUsings.g.cs
09/20/2025  07:58 AM               132 MinistryTracker.nfloat.g.cs
               4 File(s)          2,786 bytes

 Directory of C:\Users\lonni\source\repos\MinistryTracker\obj\Debug\net9.0-windows10.0.19041.0\win10-x64

09/20/2025  07:58 AM               198 .NETCoreApp,Version=v9.0.AssemblyAttributes.cs
10/10/2025  03:30 PM             1,753 MinistryTracker.AssemblyInfo.cs
09/20/2025  07:58 AM             1,230 MinistryTracker.GlobalUsings.g.cs
10/10/2025  03:30 PM           107,706 XamlTypeInfo.g.cs
               4 File(s)        110,887 bytes

 Directory of C:\Users\lonni\source\repos\MinistryTracker\obj\Debug\net9.0-windows10.0.19041.0\win10-x64\MsixContent

09/20/2025  07:58 AM    <DIR>          Microsoft.UI.Xaml
               0 File(s)              0 bytes

 Directory of C:\Users\lonni\source\repos\MinistryTracker\obj\Debug\net9.0-windows10.0.19041.0\win10-x64\Platforms\Windows

10/10/2025  03:30 PM               693 App.g.cs
10/10/2025  03:30 PM             3,162 App.g.i.cs

 Directory of C:\Users\lonni\source\repos\MinistryTracker\obj\Debug\net9.0-windows10.0.19041.0\win10-x64\Platforms\Windows

10/10/2025  03:30 PM               324 App.xaml
               3 File(s)          4,179 bytes

 Directory of C:\Users\lonni\source\repos\MinistryTracker\Platforms\Android

08/01/2025  06:25 PM               468 MainActivity.cs
08/01/2025  06:25 PM               391 MainApplication.cs
               2 File(s)            859 bytes

 Directory of C:\Users\lonni\source\repos\MinistryTracker\Platforms\iOS

08/01/2025  06:25 PM               244 AppDelegate.cs
08/01/2025  06:25 PM               436 Program.cs
               2 File(s)            680 bytes

 Directory of C:\Users\lonni\source\repos\MinistryTracker\Platforms\MacCatalyst

08/01/2025  06:25 PM               244 AppDelegate.cs
08/01/2025  06:25 PM               436 Program.cs
               2 File(s)            680 bytes

 Directory of C:\Users\lonni\source\repos\MinistryTracker\Platforms\Tizen

08/01/2025  06:25 PM               379 Main.cs
               1 File(s)            379 bytes

 Directory of C:\Users\lonni\source\repos\MinistryTracker\Platforms\Windows

08/11/2025  05:29 PM               817 App.xaml.cs

 Directory of C:\Users\lonni\source\repos\MinistryTracker\Platforms\Windows

08/01/2025  06:25 PM               322 App.xaml
               2 File(s)          1,139 bytes

 Directory of C:\Users\lonni\source\repos\MinistryTracker\Resources\Styles

08/01/2025  06:25 PM             2,215 Colors.xaml
08/01/2025  06:25 PM            26,204 Styles.xaml
               2 File(s)         28,419 bytes

 Directory of C:\Users\lonni\source\repos\MinistryTracker\Utilities

10/10/2025  03:11 PM               997 EnumValuesExtension.cs
08/04/2025  10:43 AM               323 VisitTypeValues.cs
               2 File(s)          1,320 bytes

 Directory of C:\Users\lonni\source\repos\MinistryTracker\ViewModels

08/11/2025  06:40 PM             4,651 AddStudentViewModel.cs
09/20/2025  06:50 AM             6,840 AddVisitViewModel.cs
09/08/2025  09:39 AM             5,031 DashboardViewModel.cs
10/10/2025  03:06 PM             2,621 EditStudentViewModel.cs
09/09/2025  01:27 PM             9,798 SettingsViewModel.cs
09/09/2025  01:26 PM             2,136 StudentProfileViewModel.cs
09/11/2025  11:32 AM             3,848 StudentsListViewModel.cs
10/10/2025  01:51 PM             5,411 StudentViewModel.cs
               8 File(s)         40,336 bytes

 Directory of C:\Users\lonni\source\repos\MinistryTracker\ViewModels\Messages

09/08/2025  05:18 PM               810 UiConfirmMessage.cs
09/08/2025  04:39 PM             1,038 UiNotifications.cs
               2 File(s)          1,848 bytes

 Directory of C:\Users\lonni\source\repos\MinistryTracker\Views

08/11/2025  06:25 PM               424 AddStudentPage.xaml.cs
09/20/2025  07:44 AM             2,854 AddVisitPage.xaml.cs
09/06/2025  09:29 PM             1,338 DashboardPage.xaml.cs
10/10/2025  03:08 PM             1,354 EditStudentPage.xaml.cs
09/08/2025  05:39 PM             3,240 SettingsPage.xaml.cs
10/10/2025  03:20 PM             3,348 StudentProfilePage.xaml.cs
09/20/2025  06:10 AM             4,531 StudentsListPage.xaml.cs

 Directory of C:\Users\lonni\source\repos\MinistryTracker\Views

08/11/2025  06:35 PM             1,204 AddStudentPage.xaml
09/20/2025  07:36 AM             1,777 AddVisitPage.xaml
10/10/2025  01:58 PM             6,048 DashboardPage.xaml
10/10/2025  03:30 PM             2,343 EditStudentPage.xaml
09/09/2025  06:55 AM             5,775 SettingsPage.xaml
09/09/2025  01:34 PM             7,545 StudentProfilePage.xaml
09/20/2025  05:06 AM             4,531 StudentsListPage.xaml
              14 File(s)         46,312 bytes

 Directory of C:\Users\lonni\source\repos\MinistryTracker\Views\Converters

09/20/2025  05:29 AM             1,595 UiConverters.cs
               1 File(s)          1,595 bytes

     Total Files Listed:
              83 File(s)        299,139 bytes
               2 Dir(s)  1,834,065,686,528 bytes free
